// Jest Snapshot v1, https://goo.gl/fbAQLP

exports[`FileUploadForm renders correctly with default pdf as filetype and matches snapshot 1`] = `
<form
  data-testid="FileUploadForm"
  id="FileUploadForm"
  role="form"
>
  <input
    accept="application/pdf"
    data-testid="FileInput"
    id="FileUploadForm-input"
    multiple=""
    name="formFile"
    role="input"
    type="file"
  />
</form>
`;
