// Jest Snapshot v1, https://goo.gl/fbAQLP

exports[`FileUploadForm renders correctly with default pdf as filetype and matches snapshot 1`] = `
<div>
  <form
    id="FileUploadForm"
  >
    <input
      accept="application/pdf"
      id="FileUploadForm-input"
      multiple=""
      name="formFile"
      type="file"
    />
    <input
      id="FileUploadForm-submit"
      type="submit"
    />
    <label
      for="pdfInputForm"
    />
  </form>
</div>
`;
